
> om-pandey-portfolio@1.0.0 build
> vite build

node.exe : 'vite' is not 
recognized as an internal or 
external command,
At line:1 char:1
+ & "E:\A 
Apps\nodejs/node.exe" "E:\A A
pps\nodejs/node_modules/npm/b
in/ ...
+ ~~~~~~~~~~~~~~~~~~~~~~~~~~~
~~~~~~~~~~~~~~~~~~~~~~~~~~~~~
~~~~~~~~~~~~~
    + CategoryInfo           
   : NotSpecified: ('vite'   
  is not r...ternal comman   
 d,:String) [], RemoteExc    
eption
    + FullyQualifiedErrorId  
   : NativeCommandError
 
operable program or batch 
file.
